###############################################################################
#
# IAR ELF Linker V2.20.1.176 for STM8                     26/Jan/2018  08:00:18
# Copyright 2010-2015 IAR Systems AB.
#
#    Output file  =  
#        E:\code\ROTAI_WQ\³¬Éù²¨²â¾àÄ£¿é\code\IAR\Debug\Exe\³¬Éù²¨.out
#    Map file     =  
#        E:\code\ROTAI_WQ\³¬Éù²¨²â¾àÄ£¿é\code\IAR\Debug\List\³¬Éù²¨.map
#    Command line =  
#        E:\code\ROTAI_WQ\³¬Éù²¨²â¾àÄ£¿é\code\IAR\Debug\Obj\clock.o
#        E:\code\ROTAI_WQ\³¬Éù²¨²â¾àÄ£¿é\code\IAR\Debug\Obj\delay.o
#        E:\code\ROTAI_WQ\³¬Éù²¨²â¾àÄ£¿é\code\IAR\Debug\Obj\func.o
#        E:\code\ROTAI_WQ\³¬Éù²¨²â¾àÄ£¿é\code\IAR\Debug\Obj\gpio.o
#        E:\code\ROTAI_WQ\³¬Éù²¨²â¾àÄ£¿é\code\IAR\Debug\Obj\main.o
#        E:\code\ROTAI_WQ\³¬Éù²¨²â¾àÄ£¿é\code\IAR\Debug\Obj\stm8s_clk.o
#        E:\code\ROTAI_WQ\³¬Éù²¨²â¾àÄ£¿é\code\IAR\Debug\Obj\stm8s_gpio.o
#        E:\code\ROTAI_WQ\³¬Éù²¨²â¾àÄ£¿é\code\IAR\Debug\Obj\stm8s_it.o
#        E:\code\ROTAI_WQ\³¬Éù²¨²â¾àÄ£¿é\code\IAR\Debug\Obj\stm8s_tim2.o
#        E:\code\ROTAI_WQ\³¬Éù²¨²â¾àÄ£¿é\code\IAR\Debug\Obj\stm8s_uart1.o
#        E:\code\ROTAI_WQ\³¬Éù²¨²â¾àÄ£¿é\code\IAR\Debug\Obj\time2.o
#        E:\code\ROTAI_WQ\³¬Éù²¨²â¾àÄ£¿é\code\IAR\Debug\Obj\uart1.o --redirect
#        _Printf=_PrintfSmall --redirect _Scanf=_ScanfSmall -o
#        E:\code\ROTAI_WQ\³¬Éù²¨²â¾àÄ£¿é\code\IAR\Debug\Exe\³¬Éù²¨.out --map
#        E:\code\ROTAI_WQ\³¬Éù²¨²â¾àÄ£¿é\code\IAR\Debug\List\³¬Éù²¨.map
#        --config "D:\Program Files\IAR\stm8\config\lnkstm8s103f2.icf"
#        --config_def _CSTACK_SIZE=0x100 --config_def _HEAP_SIZE=0x100 --entry
#        __iar_program_start --debug_lib
#
###############################################################################

*******************************************************************************
*** RUNTIME MODEL ATTRIBUTES
***

__SystemLibrary            = DLib
__code_model               = small
__core                     = stm8
__data_model               = medium
__dlib_file_descriptor     = 0
__dlib_full_locale_support = 0
__rt_version               = 4


*******************************************************************************
*** PLACEMENT SUMMARY
***

"A1":  place at start of [0x000000-0x0000ff] { rw section .vregs };
"A2":  place at end of [0x000000-0x0003ff] { block CSTACK };
"A3":  place at start of [0x008000-0x008fff] { block INTVEC };
"P3":  place in [from 0x008000 to 0x008fff] {
          ro section __DLIB_PERTHREAD_init, ro section .far.data_init,
          ro section .far_func.textrw_init, ro section .huge.data_init,
          ro section .huge_func.textrw_init, ro section .iar.init_table,
          ro section .init_array, ro section .near.data_init,
          ro section .near.rodata, ro section .near_func.text,
          ro section .near_func.textrw_init, ro section .tiny.data_init,
          ro section .tiny.rodata_init };

  Section          Kind      Address   Size  Object
  -------          ----      -------   ----  ------
"A1":                                  0x10
  .vregs           uninit   0x000000   0x10  vregs.o [4]
                          - 0x000010   0x10

"A2":                                 0x100
  CSTACK                    0x000300  0x100  <Block>
    CSTACK         uninit   0x000300  0x100  <Block tail>
                          - 0x000400  0x100

"A3":                                  0x80
  INTVEC                    0x008000   0x80  <Block>
    .intvec        const    0x008000   0x80  interrupt.o [4]
                          - 0x008080   0x80

"P3":                                 0xe57
  .near_func.text  ro code  0x008080  0x226  stm8s_uart1.o [1]
  .near_func.text  ro code  0x0082a6  0x131  stm8s_clk.o [1]
  .near_func.text  ro code  0x0083d7  0x12b  long.o [4]
  .near_func.text  ro code  0x008502  0x114  stm8s_gpio.o [1]
  .near_func.text  ro code  0x008616  0x105  vreg_util.o [4]
  .near_func.text  ro code  0x00871b   0xd0  stm8s_uart1.o [1]
  .near_func.text  ro code  0x0087eb   0x9e  stm8s_uart1.o [1]
  .near_func.text  ro code  0x008889   0x8c  func.o [1]
  .near_func.text  ro code  0x008915   0x5a  stm8s_it.o [1]
  .near_func.text  ro code  0x00896f   0x59  stm8s_tim2.o [1]
  .near_func.text  ro code  0x0089c8   0x57  stm8s_clk.o [1]
  .near_func.text  ro code  0x008a1f   0x54  stm8s_tim2.o [1]
  .near_func.text  ro code  0x008a73   0x47  long_util.o [4]
  .near_func.text  ro code  0x008aba   0x46  gpio.o [1]
  .near.rodata     const    0x008b00   0x3b  stm8s_uart1.o [1]
  .near.rodata     const    0x008b3b   0x3a  stm8s_gpio.o [1]
  .near.rodata     const    0x008b75   0x3a  stm8s_tim2.o [1]
  .near.rodata     const    0x008baf   0x39  stm8s_clk.o [1]
  .near_func.text  ro code  0x008be8   0x36  stm8s_clk.o [1]
  .near_func.text  ro code  0x008c1e   0x2f  stm8s_clk.o [1]
  .near_func.text  ro code  0x008c4d   0x2f  stm8s_clk.o [1]
  .near_func.text  ro code  0x008c7c   0x2f  stm8s_tim2.o [1]
  .near_func.text  ro code  0x008cab   0x2f  stm8s_tim2.o [1]
  .near_func.text  ro code  0x008cda   0x2d  func.o [1]
  .near_func.text  ro code  0x008d07   0x2b  short.o [4]
  .near_func.text  ro code  0x008d32   0x25  uart1.o [1]
  .near_func.text  ro code  0x008d57   0x25  dc_util.o [4]
  .near_func.text  ro code  0x008d7c   0x21  clock.o [1]
  .near_func.text  ro code  0x008d9d   0x1b  stm8s_gpio.o [1]
  .near_func.text  ro code  0x008db8   0x1b  stm8s_tim2.o [1]
  .near_func.text  ro code  0x008dd3   0x18  delay.o [1]
  .near_func.text  ro code  0x008deb   0x18  time2.o [1]
  .near_func.text  ro code  0x008e03   0x17  init.o [4]
  .near_func.text  ro code  0x008e1a   0x14  __dbg_xxexit.o [3]
  .near_func.text  ro code  0x008e2e   0x13  cstartup.o [4]
  .near_func.text  ro code  0x008e41   0x11  delay.o [1]
  .near_func.text  ro code  0x008e52    0xe  uart1.o [1]
  .near_func.text  ro code  0x008e60    0xd  stm8s_uart1.o [1]
  .near_func.text  ro code  0x008e6d    0xc  main.o [1]
  .near_func.text  ro code  0x008e79    0xc  main.o [1]
  .near_func.text  ro code  0x008e85    0xc  stm8s_tim2.o [1]
  .near_func.text  ro code  0x008e91    0x9  stm8s_gpio.o [1]
  .near_func.text  ro code  0x008e9a    0x7  stm8s_gpio.o [1]
  .near_func.text  ro code  0x008ea1    0x5  cexit.o [4]
  .near.rodata     const    0x008ea6    0x4  stm8s_clk.o [1]
  .near_func.text  ro code  0x008eaa    0x4  stm8s_gpio.o [1]
  .near_func.text  ro code  0x008eae    0x4  stm8s_uart1.o [1]
  .near_func.text  ro code  0x008eb2    0x4  stm8s_uart1.o [1]
  .near_func.text  ro code  0x008eb6    0x3  interrupt.o [4]
  .near_func.text  ro code  0x008eb9    0x3  low_level_init.o [4]
  .near_func.text  ro code  0x008ebc    0x3  exit.o [4]
  .near_func.text  ro code  0x008ebf    0x3  unhandled_exception.o [4]
  .near_func.text  ro code  0x008ec2    0x1  main.o [1]
  .near_func.text  ro code  0x008ec3    0x1  stm8s_it.o [1]
  .near_func.text  ro code  0x008ec4    0x1  stm8s_it.o [1]
  .near_func.text  ro code  0x008ec5    0x1  stm8s_it.o [1]
  .near_func.text  ro code  0x008ec6    0x1  stm8s_it.o [1]
  .near_func.text  ro code  0x008ec7    0x1  stm8s_it.o [1]
  .near_func.text  ro code  0x008ec8    0x1  stm8s_it.o [1]
  .near_func.text  ro code  0x008ec9    0x1  stm8s_it.o [1]
  .near_func.text  ro code  0x008eca    0x1  stm8s_it.o [1]
  .near_func.text  ro code  0x008ecb    0x1  stm8s_it.o [1]
  .near_func.text  ro code  0x008ecc    0x1  stm8s_it.o [1]
  .near_func.text  ro code  0x008ecd    0x1  stm8s_it.o [1]
  .near_func.text  ro code  0x008ece    0x1  stm8s_it.o [1]
  .near_func.text  ro code  0x008ecf    0x1  stm8s_it.o [1]
  .near_func.text  ro code  0x008ed0    0x1  stm8s_it.o [1]
  .near_func.text  ro code  0x008ed1    0x1  stm8s_it.o [1]
  .near_func.text  ro code  0x008ed2    0x1  stm8s_it.o [1]
  .near_func.text  ro code  0x008ed3    0x1  stm8s_it.o [1]
  .near_func.text  ro code  0x008ed4    0x1  stm8s_it.o [1]
  .near_func.text  ro code  0x008ed5    0x1  stm8s_it.o [1]
  .near_func.text  ro code  0x008ed6    0x1  __dbg_break.o [3]
                          - 0x008ed7  0xe57



*******************************************************************************
*** MODULE SUMMARY
***

    Module                 ro code  ro data  rw data
    ------                 -------  -------  -------
E:\code\ROTAI_WQ\³¬Éù²¨²â¾àÄ£¿é\code\IAR\Debug\Obj: [1]
    clock.o                     33
    delay.o                     41
    func.o                     185
    gpio.o                      70
    main.o                      25
    stm8s_clk.o                540       61
    stm8s_gpio.o               323       58
    stm8s_it.o                 109
    stm8s_tim2.o               306       58
    stm8s_uart1.o              937       59
    time2.o                     24
    uart1.o                     51
    ------------------------------------------------
    Total:                   2 644      236

command line: [2]
    ------------------------------------------------
    Total:

dbgstm8smd.a: [3]
    __dbg_break.o                1
    __dbg_xxexit.o              20
    ------------------------------------------------
    Total:                      21

dlstm8smn.a: [4]
    cexit.o                      5
    cstartup.o                  19
    dc_util.o                   37
    exit.o                       3
    init.o                      23
    interrupt.o                  3      128
    long.o                     299
    long_util.o                 71
    low_level_init.o             3
    short.o                     43
    unhandled_exception.o        3
    vreg_util.o                261
    vregs.o                                       16
    ------------------------------------------------
    Total:                     770      128       16

    Linker created                               256
----------------------------------------------------
    Grand Total:             3 435      364      272


*******************************************************************************
*** ENTRY LIST
***

Entry                     Address   Size  Type      Object
-----                     -------   ----  ----      ------
?b0                      0x000000         Data  Gb  vregs.o [4]
?b1                      0x000001         Data  Gb  vregs.o [4]
?b10                     0x00000a         Data  Gb  vregs.o [4]
?b11                     0x00000b         Data  Gb  vregs.o [4]
?b12                     0x00000c         Data  Gb  vregs.o [4]
?b13                     0x00000d         Data  Gb  vregs.o [4]
?b14                     0x00000e         Data  Gb  vregs.o [4]
?b15                     0x00000f         Data  Gb  vregs.o [4]
?b2                      0x000002         Data  Gb  vregs.o [4]
?b3                      0x000003         Data  Gb  vregs.o [4]
?b4                      0x000004         Data  Gb  vregs.o [4]
?b5                      0x000005         Data  Gb  vregs.o [4]
?b6                      0x000006         Data  Gb  vregs.o [4]
?b7                      0x000007         Data  Gb  vregs.o [4]
?b8                      0x000008         Data  Gb  vregs.o [4]
?b9                      0x000009         Data  Gb  vregs.o [4]
?dc32_l0                 0x008d57         Code  Gb  dc_util.o [4]
?dc32_l1                 0x008d64         Code  Gb  dc_util.o [4]
?dc32_px                 0x008d71         Code  Gb  dc_util.o [4]
?e0                      0x000001         Data  Gb  vregs.o [4]
?e1                      0x000005         Data  Gb  vregs.o [4]
?e2                      0x000009         Data  Gb  vregs.o [4]
?e3                      0x00000d         Data  Gb  vregs.o [4]
?epilogue_l2             0x0086b1         Code  Gb  vreg_util.o [4]
?epilogue_l2_l3          0x0086ae         Code  Gb  vreg_util.o [4]
?epilogue_l2_w6          0x0086b5         Code  Gb  vreg_util.o [4]
?epilogue_w4             0x0086bc         Code  Gb  vreg_util.o [4]
?l0                      0x000000         Data  Gb  vregs.o [4]
?l1                      0x000004         Data  Gb  vregs.o [4]
?l2                      0x000008         Data  Gb  vregs.o [4]
?l3                      0x00000c         Data  Gb  vregs.o [4]
?load32_0x_l0            0x008aac         Code  Gb  long_util.o [4]
?load32_asp_l0           0x008aa0         Code  Gb  long_util.o [4]
?load32_dbsp_l0          0x008a9b         Code  Gb  long_util.o [4]
?load32_l0_0x            0x008a83         Code  Gb  long_util.o [4]
?load32_l0_asp           0x008a78         Code  Gb  long_util.o [4]
?load32_l0_dbsp          0x008a73         Code  Gb  long_util.o [4]
?load32_l0_xsp           0x008a7a         Code  Gb  long_util.o [4]
?load32_l1_0x            0x008a8f         Code  Gb  long_util.o [4]
?load32_xsp_l0           0x008aa2         Code  Gb  long_util.o [4]
?mov_e0_e2               0x0086c3         Code  Gb  vreg_util.o [4]
?mov_e0_e3               0x0086d0         Code  Gb  vreg_util.o [4]
?mov_e1_e0               0x0086dd         Code  Gb  vreg_util.o [4]
?mov_e1_e2               0x0086ea         Code  Gb  vreg_util.o [4]
?mov_e1_e3               0x0086f7         Code  Gb  vreg_util.o [4]
?mov_e2_e0               0x008704         Code  Gb  vreg_util.o [4]
?mov_e3_e0               0x008711         Code  Gb  vreg_util.o [4]
?mov_l0_l2               0x0086c0         Code  Gb  vreg_util.o [4]
?mov_l0_l3               0x0086cd         Code  Gb  vreg_util.o [4]
?mov_l1_l0               0x0086da         Code  Gb  vreg_util.o [4]
?mov_l1_l2               0x0086e7         Code  Gb  vreg_util.o [4]
?mov_l1_l3               0x0086f4         Code  Gb  vreg_util.o [4]
?mov_l2_l0               0x008701         Code  Gb  vreg_util.o [4]
?mov_l3_l0               0x00870e         Code  Gb  vreg_util.o [4]
?mov_w1_w5               0x0086c6         Code  Gb  vreg_util.o [4]
?mov_w1_w7               0x0086d3         Code  Gb  vreg_util.o [4]
?mov_w3_w1               0x0086e0         Code  Gb  vreg_util.o [4]
?mov_w3_w5               0x0086ed         Code  Gb  vreg_util.o [4]
?mov_w3_w7               0x0086fa         Code  Gb  vreg_util.o [4]
?mov_w5_w1               0x008707         Code  Gb  vreg_util.o [4]
?mov_w7_w1               0x008714         Code  Gb  vreg_util.o [4]
?mul16_x_x_w0            0x008d07         Code  Gb  short.o [4]
?mul32_l0_l0_0x          0x0083f5         Code  Gb  long.o [4]
?mul32_l0_l0_dl          0x0083f2         Code  Gb  long.o [4]
?mul32_l0_l0_l1          0x0083fe         Code  Gb  long.o [4]
?pop_l0                  0x00867a         Code  Gb  vreg_util.o [4]
?pop_l1                  0x008685         Code  Gb  vreg_util.o [4]
?pop_l2                  0x008690         Code  Gb  vreg_util.o [4]
?pop_l3                  0x00869b         Code  Gb  vreg_util.o [4]
?pop_w4                  0x008633         Code  Gb  vreg_util.o [4]
?pop_w6                  0x00863a         Code  Gb  vreg_util.o [4]
?push_l0                 0x008649         Code  Gb  vreg_util.o [4]
?push_l1                 0x00864e         Code  Gb  vreg_util.o [4]
?push_l2                 0x008653         Code  Gb  vreg_util.o [4]
?push_l3                 0x008658         Code  Gb  vreg_util.o [4]
?push_w4                 0x008616         Code  Gb  vreg_util.o [4]
?push_w6                 0x00861b         Code  Gb  vreg_util.o [4]
?sll16_x_x_a             0x008d25         Code  Gb  short.o [4]
?sll32_0x_0x_a           0x0084f4         Code  Gb  long.o [4]
?sll32_l0_l0_a           0x0084f1         Code  Gb  long.o [4]
?srl16_x_x_4             0x008d2d         Code  Gb  short.o [4]
?sub32_l0_l0_0x          0x0083da         Code  Gb  long.o [4]
?sub32_l0_l0_l1          0x0083d7         Code  Gb  long.o [4]
?udiv32_l0_dl_l1         0x00847c         Code  Gb  long.o [4]
?udiv32_l0_l0_dl         0x008481         Code  Gb  long.o [4]
?udiv32_l0_l0_l1         0x008484         Code  Gb  long.o [4]
?umod32_l1_l0_l1         0x008484         Code  Gb  long.o [4]
?w0                      0x000000         Data  Gb  vregs.o [4]
?w1                      0x000002         Data  Gb  vregs.o [4]
?w2                      0x000004         Data  Gb  vregs.o [4]
?w3                      0x000006         Data  Gb  vregs.o [4]
?w4                      0x000008         Data  Gb  vregs.o [4]
?w5                      0x00000a         Data  Gb  vregs.o [4]
?w6                      0x00000c         Data  Gb  vregs.o [4]
?w7                      0x00000e         Data  Gb  vregs.o [4]
ADC1_IRQHandler          0x008ed3    0x1  Code  Gb  stm8s_it.o [1]
AWU_IRQHandler           0x008ec5    0x1  Code  Gb  stm8s_it.o [1]
CLK_ClockSwitchCmd       0x008c4d   0x2f  Code  Gb  stm8s_clk.o [1]
CLK_ClockSwitchConfig    0x0082a6  0x131  Code  Gb  stm8s_clk.o [1]
CLK_DeInit               0x008be8   0x36  Code  Gb  stm8s_clk.o [1]
CLK_GetClockFreq         0x0089c8   0x57  Code  Gb  stm8s_clk.o [1]
CLK_HSECmd               0x008c1e   0x2f  Code  Gb  stm8s_clk.o [1]
CLK_IRQHandler           0x008ec6    0x1  Code  Gb  stm8s_it.o [1]
CSTACK$$Base             0x000300          --   Gb  - Linker created -
CSTACK$$Limit            0x000400          --   Gb  - Linker created -
EEPROM_EEC_IRQHandler    0x008ed5    0x1  Code  Gb  stm8s_it.o [1]
EIGHT                    0x008889   0x8c  Code  Gb  func.o [1]
EXTI_PORTA_IRQHandler    0x008ec7    0x1  Code  Gb  stm8s_it.o [1]
EXTI_PORTB_IRQHandler    0x008ec8    0x1  Code  Gb  stm8s_it.o [1]
EXTI_PORTC_IRQHandler    0x008ec9    0x1  Code  Gb  stm8s_it.o [1]
EXTI_PORTD_IRQHandler    0x008eca    0x1  Code  Gb  stm8s_it.o [1]
EXTI_PORTE_IRQHandler    0x008ecb    0x1  Code  Gb  stm8s_it.o [1]
GPIO_DeInit              0x008d9d   0x1b  Code  Gb  stm8s_gpio.o [1]
GPIO_Init                0x008502  0x114  Code  Gb  stm8s_gpio.o [1]
GPIO_ReadInputPin        0x008e91    0x9  Code  Gb  stm8s_gpio.o [1]
GPIO_WriteHigh           0x008e9a    0x7  Code  Gb  stm8s_gpio.o [1]
GPIO_WriteLow            0x008eaa    0x4  Code  Gb  stm8s_gpio.o [1]
HSIDivFactor             0x008ea6    0x4  Data  Gb  stm8s_clk.o [1]
I2C_IRQHandler           0x008ed2    0x1  Code  Gb  stm8s_it.o [1]
INTVEC$$Base             0x008000          --   Gb  - Linker created -
INTVEC$$Limit            0x008080          --   Gb  - Linker created -
Region$$Table$$Base    0x00000000          --   Gb  - Linker created -
Region$$Table$$Limit   0x00000000          --   Gb  - Linker created -
SPI_IRQHandler           0x008ecc    0x1  Code  Gb  stm8s_it.o [1]
TIM1_CAP_COM_IRQHandler
                         0x008ece    0x1  Code  Gb  stm8s_it.o [1]
TIM1_UPD_OVF_TRG_BRK_IRQHandler
                         0x008ecd    0x1  Code  Gb  stm8s_it.o [1]
TIM2_ARRPreloadConfig    0x008cab   0x2f  Code  Gb  stm8s_tim2.o [1]
TIM2_CAP_COM_IRQHandler
                         0x008ed0    0x1  Code  Gb  stm8s_it.o [1]
TIM2_Cmd                 0x008c7c   0x2f  Code  Gb  stm8s_tim2.o [1]
TIM2_DeInit              0x00896f   0x59  Code  Gb  stm8s_tim2.o [1]
TIM2_GetCounter          0x008db8   0x1b  Code  Gb  stm8s_tim2.o [1]
TIM2_ITConfig            0x008a1f   0x54  Code  Gb  stm8s_tim2.o [1]
TIM2_TimeBaseInit        0x008e85    0xc  Code  Gb  stm8s_tim2.o [1]
TIM2_UPD_OVF_BRK_IRQHandler
                         0x008ecf    0x1  Code  Gb  stm8s_it.o [1]
TIM4_UPD_OVF_IRQHandler
                         0x008ed4    0x1  Code  Gb  stm8s_it.o [1]
TLI_IRQHandler           0x008ec4    0x1  Code  Gb  stm8s_it.o [1]
TRAP_IRQHandler          0x008ec3    0x1  Code  Gb  stm8s_it.o [1]
UART1_Cmd                0x008e60    0xd  Code  Gb  stm8s_uart1.o [1]
UART1_Congfiguration     0x008d32   0x25  Code  Gb  uart1.o [1]
UART1_GetFlagStatus      0x0087eb   0x9e  Code  Gb  stm8s_uart1.o [1]
UART1_ITConfig           0x00871b   0xd0  Code  Gb  stm8s_uart1.o [1]
UART1_Init               0x008080  0x226  Code  Gb  stm8s_uart1.o [1]
UART1_RX_IRQHandler      0x008915   0x5a  Code  Gb  stm8s_it.o [1]
UART1_ReceiveData8       0x008eae    0x4  Code  Gb  stm8s_uart1.o [1]
UART1_SendData8          0x008eb2    0x4  Code  Gb  stm8s_uart1.o [1]
UART1_Send_Byte          0x008e52    0xe  Code  Gb  uart1.o [1]
UART1_TX_IRQHandler      0x008ed1    0x1  Code  Gb  stm8s_it.o [1]
__DebugBreak             0x008ed6    0x1  Code  Gb  __dbg_break.o [3]
__exit                   0x008e1a   0x14  Code  Gb  __dbg_xxexit.o [3]
__iar_data_init2         0x008e03   0x17  Code  Gb  init.o [4]
__iar_program_start      0x008e2e         Code  Gb  cstartup.o [4]
__iar_unhandled_exception
                         0x008ebf         Code  Gb  unhandled_exception.o [4]
__intvec                 0x008000         Data  Gb  interrupt.o [4]
__low_level_init         0x008eb9    0x3  Code  Gb  low_level_init.o [4]
_exit                    0x008ea1         Code  Gb  cexit.o [4]
_interrupt_1             0x008ec3         Code  Gb  stm8s_it.o [1]
_interrupt_12            0x008ecc         Code  Gb  stm8s_it.o [1]
_interrupt_13            0x008ecd         Code  Gb  stm8s_it.o [1]
_interrupt_14            0x008ece         Code  Gb  stm8s_it.o [1]
_interrupt_15            0x008ecf         Code  Gb  stm8s_it.o [1]
_interrupt_16            0x008ed0         Code  Gb  stm8s_it.o [1]
_interrupt_19            0x008ed1         Code  Gb  stm8s_it.o [1]
_interrupt_2             0x008ec4         Code  Gb  stm8s_it.o [1]
_interrupt_20            0x008915         Code  Gb  stm8s_it.o [1]
_interrupt_21            0x008ed2         Code  Gb  stm8s_it.o [1]
_interrupt_24            0x008ed3         Code  Gb  stm8s_it.o [1]
_interrupt_25            0x008ed4         Code  Gb  stm8s_it.o [1]
_interrupt_26            0x008ed5         Code  Gb  stm8s_it.o [1]
_interrupt_3             0x008ec5         Code  Gb  stm8s_it.o [1]
_interrupt_4             0x008ec6         Code  Gb  stm8s_it.o [1]
_interrupt_5             0x008ec7         Code  Gb  stm8s_it.o [1]
_interrupt_6             0x008ec8         Code  Gb  stm8s_it.o [1]
_interrupt_7             0x008ec9         Code  Gb  stm8s_it.o [1]
_interrupt_8             0x008eca         Code  Gb  stm8s_it.o [1]
_interrupt_9             0x008ecb         Code  Gb  stm8s_it.o [1]
assert_failed            0x008ec2    0x1  Code  Gb  main.o [1]
bsp_init                 0x008e79    0xc  Code  Gb  main.o [1]
clk_init                 0x008d7c   0x21  Code  Gb  clock.o [1]
delay_ms                 0x008dd3   0x18  Code  Gb  delay.o [1]
delay_us                 0x008e41   0x11  Code  Gb  delay.o [1]
exit                     0x008ebc    0x3  Code  Gb  exit.o [4]
get_data                 0x008cda   0x2d  Code  Gb  func.o [1]
gpio_init                0x008aba   0x46  Code  Gb  gpio.o [1]
main                     0x008e6d    0xc  Code  Gb  main.o [1]
time2_init               0x008deb   0x18  Code  Gb  time2.o [1]


[1] = E:\code\ROTAI_WQ\³¬Éù²¨²â¾àÄ£¿é\code\IAR\Debug\Obj
[2] = command line
[3] = dbgstm8smd.a
[4] = dlstm8smn.a

  3 435 bytes of readonly  code memory
    364 bytes of readonly  data memory
    272 bytes of readwrite data memory

Errors: none
Warnings: none
